// swift-tools-version:4.2
// danger-dependency-generator-version:3