file1Content
secondLine
message("Text")
message("Another Text")