import Danger

let danger = Danger()

message("Text")
message("Another Text")