LIBRARY_SEARCH_PATHS = libPath
OTHER_SWIFT_FLAGS = -DXcode -I libPath -L libPath
OTHER_LDFLAGS = -lDangerDeps -lDanger